// Jest Snapshot v1, https://goo.gl/fbAQLP

exports[`Pruebas en FirstApp Debe hacer match con snapshot 1`] = `
<div>
  <h1
    data-testid="test-title"
  >
    Hola, soy Gabri
  </h1>
  <p>
     
    34
  </p>
  <p>
     
    34
  </p>
  <p>
    Gabri
  </p>
</div>
`;
